// Jest Snapshot v1, https://goo.gl/fbAQLP

exports[`<Main /> should render the h1 element 1`] = `
.c0 {
  background-color: #06092b;
  color: #ffffff;
  height: 100%;
  width: 100%;
  padding: 3rem;
  text-align: center;
  display: -webkit-box;
  display: -webkit-flex;
  display: -ms-flexbox;
  display: flex;
  -webkit-flex-direction: column;
  -ms-flex-direction: column;
  flex-direction: column;
  -webkit-align-items: center;
  -webkit-box-align: center;
  -ms-flex-align: center;
  align-items: center;
  -webkit-box-pack: center;
  -webkit-justify-content: center;
  -ms-flex-pack: center;
  justify-content: center;
}

.c1 {
  width: 25rem;
  margin-bottom: 3rem;
}

.c2 {
  font-size: 2.5rem;
}

.c3 {
  font-size: 2rem;
  font-weight: normal;
}

.c4 {
  margin-top: 3rem;
  width: min(30rem,100%);
}

<main
  class="c0"
>
  <img
    alt="Imagem de um atomo e react avancado escrito ao lado."
    class="c1"
    src="/img/logo.svg"
  />
  <h1
    class="c2"
  >
    React Avancado
  </h1>
  <h2
    class="c3"
  >
    TypeScript, ReactJS, NextJS, Styled Components
  </h2>
  <img
    alt="Um desenvolvedor de frente pra uma tela com codigos"
    class="c4"
    src="/img/hero-illustration.svg"
  />
</main>
`;
